// Jest Snapshot v1, https://goo.gl/fbAQLP

exports[`should take a snapshot 1`] = `
<DocumentFragment>
  <div
    class="data-form"
  >
    <section>
      <h1
        class="head"
      >
        PRIME MULTIPLICATION TABLE GENERATOR
      </h1>
      <form
        class="form"
      >
        <div
          style="display: flex;"
        >
          <input
            name="formInput"
            placeholder="Enter positive integer..."
            required=""
            value=""
          />
          <button
            class="btn btn-2"
            type="submit"
          >
            Submit
          </button>
        </div>
      </form>
    </section>
    <div
      class="table"
      style="visibility: hidden;"
    >
      <table>
        <thead>
          <tr>
            <th />
            <th>
              Enter positive integer greater than 1 only (e.g 2,3,4 etc.)
            </th>
          </tr>
        </thead>
        <tbody />
      </table>
    </div>
  </div>
</DocumentFragment>
`;
