// Jest Snapshot v1, https://goo.gl/fbAQLP

exports[`should take a snapshot 1`] = `
<DocumentFragment>
  <section>
    <h1
      class="head"
    >
      PRIME MULTIPLICATION TABLE GENERATOR
    </h1>
    <form
      class="form"
    >
      <div
        style="display: flex;"
      >
        <input
          name="formInput"
          placeholder="Enter positive integer..."
          required=""
          value=""
        />
        <button
          class="btn btn-2"
          type="submit"
        >
          Submit
        </button>
      </div>
    </form>
  </section>
</DocumentFragment>
`;
